
Allocating common symbols
Common symbol       size              file

mem_para_info       0xb4              arch/arm/mach-sunxi/pm/standby/super/resume/resume1_c_part.o
saved_context_r13_irq
                    0x8               arch/arm/mach-sunxi/pm/standby/../mem_cpu.o
saved_context_r12_svc
                    0x8               arch/arm/mach-sunxi/pm/standby/../mem_cpu.o
saved_spsr_fiq      0x4               arch/arm/mach-sunxi/pm/standby/../mem_cpu.o
saved_spsr_und      0x4               arch/arm/mach-sunxi/pm/standby/../mem_cpu.o
saved_spsr_irq      0x4               arch/arm/mach-sunxi/pm/standby/../mem_cpu.o
saved_context_r13_abt
                    0x8               arch/arm/mach-sunxi/pm/standby/../mem_cpu.o
saved_spsr_mon      0x4               arch/arm/mach-sunxi/pm/standby/../mem_cpu.o
saved_empty_context_svc
                    0xb0              arch/arm/mach-sunxi/pm/standby/../mem_cpu.o
saved_context_r13_fiq
                    0x1c              arch/arm/mach-sunxi/pm/standby/../mem_cpu.o
saved_cpsr_svc      0x4               arch/arm/mach-sunxi/pm/standby/../mem_cpu.o
saved_context_r13_sys
                    0x8               arch/arm/mach-sunxi/pm/standby/../mem_cpu.o
saved_spsr_abt      0x4               arch/arm/mach-sunxi/pm/standby/../mem_cpu.o
saved_context_r13_mon
                    0x8               arch/arm/mach-sunxi/pm/standby/../mem_cpu.o
saved_spsr_svc      0x4               arch/arm/mach-sunxi/pm/standby/../mem_cpu.o
saved_context_r13_und
                    0x8               arch/arm/mach-sunxi/pm/standby/../mem_cpu.o

Memory Configuration

Name             Origin             Length             Attributes
*default*        0x00000000         0xffffffff

Linker script and memory map

                0x00000000                __resume1_start = .

.text           0x00010000     0x2c68
 arch/arm/mach-sunxi/pm/standby/super/resume/resume_head.o(.rodata)
 .rodata        0x00010000       0x30 arch/arm/mach-sunxi/pm/standby/super/resume/resume_head.o
                0x00010000                resume_head
 arch/arm/mach-sunxi/pm/standby/super/resume/resume1.o(.text)
 .text          0x00010030       0x4c arch/arm/mach-sunxi/pm/standby/super/resume/resume1.o
                0x00010030                _start
 *(.text)
 .text          0x0001007c        0x0 arch/arm/mach-sunxi/pm/standby/super/resume/resume_head.o
 .text          0x0001007c       0x28 arch/arm/mach-sunxi/pm/standby/super/common.o
                0x0001007c                mem_memcpy
 .text          0x000100a4        0x0 arch/arm/mach-sunxi/pm/standby/super/super_twi.o
 .text          0x000100a4       0x28 arch/arm/mach-sunxi/pm/standby/super/super_delay.o
                0x000100a4                mem_delay
 .text          0x000100cc        0x0 arch/arm/mach-sunxi/pm/standby/super/super_clock.o
 .text          0x000100cc        0x0 arch/arm/mach-sunxi/pm/standby/super/super_power.o
 .text          0x000100cc        0x0 arch/arm/mach-sunxi/pm/standby/super/super_cpus.o
 .text          0x000100cc      0x218 arch/arm/mach-sunxi/pm/standby/super/resume/resume1_c_part.o
                0x000100cc                resume1_c_part
                0x000101b4                set_pll
 .text          0x000102e4      0x344 arch/arm/mach-sunxi/pm/standby/../pm_debug.o
                0x000102e4                busy_waiting
                0x00010304                save_mem_flag
                0x00010308                clear_mem_flag
                0x0001030c                mem_status_init
                0x00010330                mem_status_init_nommu
                0x00010354                mem_status_clear
                0x000103e4                mem_status_exit
                0x000103e8                save_mem_status
                0x00010474                get_mem_status
                0x000104c0                show_mem_status
                0x00010528                save_mem_status_nommu
                0x000105ac                io_init
                0x000105c4                io_init_high
                0x000105dc                io_init_low
                0x000105f4                io_high
 .text          0x00010628      0x1bc arch/arm/mach-sunxi/pm/standby/../mem_timing.o
                0x00010628                init_perfcounters
                0x00010654                backup_perfcounter
                0x00010670                restore_perfcounter
                0x00010694                get_cyclecount
                0x0001069c                reset_counter
                0x000106ac                change_runtime_env
                0x000106d4                delay_us
                0x00010754                delay_ms
                0x00010760                init_event_counter
                0x0001078c                set_event_counter
                0x000107b8                get_event_counter
 *fill*         0x000107e4       0x1c 00
 .text          0x00010800       0xa0 arch/arm/mach-sunxi/pm/standby/../mem_mmu_pc.o
                0x00010800                save_mmu_state
                0x0001083c                restore_mmu_state
 .text          0x000108a0      0x540 arch/arm/mach-sunxi/pm/standby/../mem_mmu_pc_asm.o
                0x000108a0                save_sp
                0x000108ac                save_sp_nommu
                0x000108b8                restore_sp
                0x000108c0                get_sp
                0x000108d0                invalidate_dcache
                0x00010964                invalidate_icache
                0x0001097c                flush_dcache
                0x00010a18                flush_icache
                0x00010a3c                disable_cache
                0x00010a5c                disable_dcache
                0x00010a78                disable_icache
                0x00010a94                disable_l2cache
                0x00010ab0                enable_cache
                0x00010ad0                enable_icache
                0x00010aec                invalidate_branch_predictor
                0x00010b04                disable_program_flow_prediction
                0x00010b20                enable_program_flow_prediction
                0x00010b3c                mem_flush_tlb
                0x00010b60                mem_preload_tlb
                0x00010c6c                disable_mmu
                0x00010c94                enable_mmu
                0x00010cd4                jump_to_suspend
                0x00010cf0                jump_to_resume
                0x00010d10                jump_to_resume0
                0x00010d20                jump_to_resume0_nommu
 .text          0x00010de0      0x2dc arch/arm/mach-sunxi/pm/standby/../mem_cpu.o
                0x00010de0                __save_processor_state
                0x00010eec                __restore_processor_state
                0x00010fc0                disable_cache_invalidate
                0x00010fd8                set_copro_default
                0x00011080                save_processor_state
                0x0001108c                restore_processor_state
                0x00011098                restore_processor_ttbr0
                0x000110ac                set_ttbr0
 .text          0x000110bc      0x43c arch/arm/mach-sunxi/pm/standby/../mem_serial.o
                0x00011190                serial_init_nommu
                0x00011220                serial_puts_nommu
                0x000112a4                serial_gets_nommu
                0x0001132c                serial_init
                0x000113bc                serial_exit
                0x000113ec                serial_puts
                0x00011470                serial_gets
 .text          0x000114f8      0x7ec arch/arm/mach-sunxi/pm/standby/../mem_printk.o
                0x00011744                printk
                0x00011a14                printk_nommu
 .text          0x00011ce4      0x1dc arch/arm/mach-sunxi/pm/standby/../mem_divlib.o
                0x00011ce4                standby_delay
                0x00011d0c                standby_delay_cycle
                0x00011d18                Ldiv0
                0x00011d28                __aeabi_uidiv
                0x00011dc4                __aeabi_idiv
                0x00011e90                __aeabi_uidivmod
                0x00011ea8                __aeabi_idivmod
 .text          0x00011ec0       0x58 arch/arm/mach-sunxi/pm/standby/../mem_divlibc.o
                0x00011ec0                __mem_div0
                0x00011ecc                raw_lib_udiv
 .text          0x00011f18      0x18c arch/arm/mach-sunxi/pm/standby/../mem_int.o
                0x00011f18                mem_int_init
                0x00011fa8                mem_int_exit
                0x00011ffc                mem_enable_int
                0x00012054                mem_query_int
 .text          0x000120a4      0x19c arch/arm/mach-sunxi/pm/standby/../mem_tmr.o
                0x000120a4                mem_tmr_save
                0x00012108                mem_tmr_restore
                0x00012158                mem_tmr_init
                0x00012190                mem_tmr_exit
                0x000121b8                mem_tmr_enable_watchdog
                0x00012200                mem_tmr_disable_watchdog
 .text          0x00012240       0x58 arch/arm/mach-sunxi/pm/standby/../mem_tmstmp.o
                0x00012240                mem_tmstmp_save
                0x00012270                mem_tmstmp_restore
 .text          0x00012298      0x168 arch/arm/mach-sunxi/pm/standby/../mem_hwspinlock.o
                0x00012298                hwspinlock_init
                0x000122c4                hwspin_lock_timeout
                0x00012340                hwspin_unlock
                0x00012370                hwspin_lock_timeout_nommu
                0x000123d8                hwspin_unlock_nommu
 .text          0x00012400      0x868 arch/arm/mach-sunxi/pm/standby/../mem_clk.o
                0x00012400                mem_clk_init
                0x0001242c                mem_get_ba
                0x0001243c                mem_clk_save
                0x000125d4                mem_clk_restore
                0x00012a0c                mem_clk_setdiv
                0x00012a34                mem_clk_getdiv
                0x00012a5c                mem_clk_set_pll_factor
                0x00012aac                mem_clk_get_pll_factor
                0x00012af0                mem_clk_set_misc
                0x00012b88                mem_clk_get_misc
                0x00012c0c                mem_clk_get_cpu_freq

.glue_7         0x00012c68        0x0
 .glue_7        0x00000000        0x0 linker stubs

.glue_7t        0x00012c68        0x0
 .glue_7t       0x00000000        0x0 linker stubs

.vfp11_veneer   0x00012c68        0x0
 .vfp11_veneer  0x00000000        0x0 linker stubs

.v4_bx          0x00012c68        0x0
 .v4_bx         0x00000000        0x0 linker stubs

.iplt           0x00012c68        0x0
 .iplt          0x00000000        0x0 arch/arm/mach-sunxi/pm/standby/super/resume/resume_head.o

.rodata         0x00012c68       0x18
 *(.rodata)
 .rodata        0x00012c68       0x10 arch/arm/mach-sunxi/pm/standby/../mem_timing.o
 .rodata        0x00012c78        0x8 arch/arm/mach-sunxi/pm/standby/../mem_serial.o

.rodata.str1.4  0x00012c80       0xf8
 .rodata.str1.4
                0x00012c80       0x61 arch/arm/mach-sunxi/pm/standby/super/resume/resume1_c_part.o
                                 0x64 (size before relaxing)
 *fill*         0x00012ce1        0x3 00
 .rodata.str1.4
                0x00012ce4       0x17 arch/arm/mach-sunxi/pm/standby/../pm_debug.o
                                 0x18 (size before relaxing)
 *fill*         0x00012cfb        0x1 00
 .rodata.str1.4
                0x00012cfc       0x25 arch/arm/mach-sunxi/pm/standby/../mem_printk.o
                                 0x28 (size before relaxing)
 *fill*         0x00012d21        0x3 00
 .rodata.str1.4
                0x00012d24       0x1a arch/arm/mach-sunxi/pm/standby/../mem_divlibc.o
                                 0x1c (size before relaxing)
 *fill*         0x00012d3e        0x2 00
 .rodata.str1.4
                0x00012d40       0x1b arch/arm/mach-sunxi/pm/standby/../mem_int.o
                                 0x1c (size before relaxing)
 *fill*         0x00012d5b        0x1 00
 .rodata.str1.4
                0x00012d5c       0x1c arch/arm/mach-sunxi/pm/standby/../mem_hwspinlock.o

.rel.dyn        0x00012d78        0x0
 .rel.iplt      0x00000000        0x0 arch/arm/mach-sunxi/pm/standby/super/resume/resume_head.o

.data           0x00012d78        0x4
 *(.data)
 .data          0x00012d78        0x0 arch/arm/mach-sunxi/pm/standby/super/resume/resume_head.o
 .data          0x00012d78        0x0 arch/arm/mach-sunxi/pm/standby/super/resume/resume1.o
 .data          0x00012d78        0x0 arch/arm/mach-sunxi/pm/standby/super/common.o
 .data          0x00012d78        0x0 arch/arm/mach-sunxi/pm/standby/super/super_twi.o
 .data          0x00012d78        0x0 arch/arm/mach-sunxi/pm/standby/super/super_delay.o
 .data          0x00012d78        0x0 arch/arm/mach-sunxi/pm/standby/super/super_clock.o
 .data          0x00012d78        0x0 arch/arm/mach-sunxi/pm/standby/super/super_power.o
 .data          0x00012d78        0x0 arch/arm/mach-sunxi/pm/standby/super/super_cpus.o
 .data          0x00012d78        0x4 arch/arm/mach-sunxi/pm/standby/super/resume/resume1_c_part.o
 .data          0x00012d7c        0x0 arch/arm/mach-sunxi/pm/standby/../pm_debug.o
 .data          0x00012d7c        0x0 arch/arm/mach-sunxi/pm/standby/../mem_timing.o
 .data          0x00012d7c        0x0 arch/arm/mach-sunxi/pm/standby/../mem_mmu_pc.o
 .data          0x00012d7c        0x0 arch/arm/mach-sunxi/pm/standby/../mem_mmu_pc_asm.o
 .data          0x00012d7c        0x0 arch/arm/mach-sunxi/pm/standby/../mem_cpu.o
 .data          0x00012d7c        0x0 arch/arm/mach-sunxi/pm/standby/../mem_serial.o
 .data          0x00012d7c        0x0 arch/arm/mach-sunxi/pm/standby/../mem_printk.o
 .data          0x00012d7c        0x0 arch/arm/mach-sunxi/pm/standby/../mem_divlib.o
 .data          0x00012d7c        0x0 arch/arm/mach-sunxi/pm/standby/../mem_divlibc.o
 .data          0x00012d7c        0x0 arch/arm/mach-sunxi/pm/standby/../mem_int.o
 .data          0x00012d7c        0x0 arch/arm/mach-sunxi/pm/standby/../mem_tmr.o
 .data          0x00012d7c        0x0 arch/arm/mach-sunxi/pm/standby/../mem_tmstmp.o
 .data          0x00012d7c        0x0 arch/arm/mach-sunxi/pm/standby/../mem_hwspinlock.o
 .data          0x00012d7c        0x0 arch/arm/mach-sunxi/pm/standby/../mem_clk.o
                0x00012d7c                __bss_start = .

.igot.plt       0x00012d7c        0x0
 .igot.plt      0x00000000        0x0 arch/arm/mach-sunxi/pm/standby/super/resume/resume_head.o

.bss            0x00012d7c      0x3d0
 *(.sbss)
 *(.scommon)
 *(.bss)
 .bss           0x00012d7c        0x0 arch/arm/mach-sunxi/pm/standby/super/resume/resume_head.o
 .bss           0x00012d7c        0x0 arch/arm/mach-sunxi/pm/standby/super/resume/resume1.o
 .bss           0x00012d7c        0x0 arch/arm/mach-sunxi/pm/standby/super/common.o
 .bss           0x00012d7c        0x0 arch/arm/mach-sunxi/pm/standby/super/super_twi.o
 .bss           0x00012d7c        0x0 arch/arm/mach-sunxi/pm/standby/super/super_delay.o
 .bss           0x00012d7c        0x0 arch/arm/mach-sunxi/pm/standby/super/super_clock.o
 .bss           0x00012d7c        0x0 arch/arm/mach-sunxi/pm/standby/super/super_power.o
 .bss           0x00012d7c        0x0 arch/arm/mach-sunxi/pm/standby/super/super_cpus.o
 .bss           0x00012d7c        0x0 arch/arm/mach-sunxi/pm/standby/super/resume/resume1_c_part.o
 .bss           0x00012d7c       0x14 arch/arm/mach-sunxi/pm/standby/../pm_debug.o
                0x00012d8c                print_flag
 .bss           0x00012d90       0x10 arch/arm/mach-sunxi/pm/standby/../mem_timing.o
 .bss           0x00012da0        0x0 arch/arm/mach-sunxi/pm/standby/../mem_mmu_pc.o
 .bss           0x00012da0        0x0 arch/arm/mach-sunxi/pm/standby/../mem_mmu_pc_asm.o
 .bss           0x00012da0       0xa0 arch/arm/mach-sunxi/pm/standby/../mem_cpu.o
 .bss           0x00012e40       0x10 arch/arm/mach-sunxi/pm/standby/../mem_serial.o
 .bss           0x00012e50      0x100 arch/arm/mach-sunxi/pm/standby/../mem_printk.o
 .bss           0x00012f50        0x0 arch/arm/mach-sunxi/pm/standby/../mem_divlib.o
 .bss           0x00012f50        0x0 arch/arm/mach-sunxi/pm/standby/../mem_divlibc.o
 .bss           0x00012f50        0x8 arch/arm/mach-sunxi/pm/standby/../mem_int.o
 .bss           0x00012f58       0x10 arch/arm/mach-sunxi/pm/standby/../mem_tmr.o
 .bss           0x00012f68        0x4 arch/arm/mach-sunxi/pm/standby/../mem_tmstmp.o
 .bss           0x00012f6c        0x4 arch/arm/mach-sunxi/pm/standby/../mem_hwspinlock.o
 .bss           0x00012f70       0x10 arch/arm/mach-sunxi/pm/standby/../mem_clk.o
 *(COMMON)
 COMMON         0x00012f80       0xb4 arch/arm/mach-sunxi/pm/standby/super/resume/resume1_c_part.o
                0x00012f80                mem_para_info
 COMMON         0x00013034      0x118 arch/arm/mach-sunxi/pm/standby/../mem_cpu.o
                0x00013034                saved_context_r13_irq
                0x0001303c                saved_context_r12_svc
                0x00013044                saved_spsr_fiq
                0x00013048                saved_spsr_und
                0x0001304c                saved_spsr_irq
                0x00013050                saved_context_r13_abt
                0x00013058                saved_spsr_mon
                0x0001305c                saved_empty_context_svc
                0x0001310c                saved_context_r13_fiq
                0x00013128                saved_cpsr_svc
                0x0001312c                saved_context_r13_sys
                0x00013134                saved_spsr_abt
                0x00013138                saved_context_r13_mon
                0x00013140                saved_spsr_svc
                0x00013144                saved_context_r13_und
                0x0001314c                __bss_end = .
                0x0001314c                __resume1_end = .
LOAD arch/arm/mach-sunxi/pm/standby/super/common.o
LOAD arch/arm/mach-sunxi/pm/standby/super/super_twi.o
LOAD arch/arm/mach-sunxi/pm/standby/super/super_delay.o
LOAD arch/arm/mach-sunxi/pm/standby/super/super_clock.o
LOAD arch/arm/mach-sunxi/pm/standby/super/super_power.o
LOAD arch/arm/mach-sunxi/pm/standby/super/super_cpus.o
LOAD arch/arm/mach-sunxi/pm/standby/super/resume/resume1.o
LOAD arch/arm/mach-sunxi/pm/standby/super/resume/resume_head.o
LOAD arch/arm/mach-sunxi/pm/standby/super/resume/resume1_c_part.o
LOAD arch/arm/mach-sunxi/pm/standby/../pm_debug.o
LOAD arch/arm/mach-sunxi/pm/standby/../mem_timing.o
LOAD arch/arm/mach-sunxi/pm/standby/../mem_mmu_pc.o
LOAD arch/arm/mach-sunxi/pm/standby/../mem_mmu_pc_asm.o
LOAD arch/arm/mach-sunxi/pm/standby/../mem_cpu.o
LOAD arch/arm/mach-sunxi/pm/standby/../mem_serial.o
LOAD arch/arm/mach-sunxi/pm/standby/../mem_printk.o
LOAD arch/arm/mach-sunxi/pm/standby/../mem_divlib.o
LOAD arch/arm/mach-sunxi/pm/standby/../mem_divlibc.o
LOAD arch/arm/mach-sunxi/pm/standby/../mem_int.o
LOAD arch/arm/mach-sunxi/pm/standby/../mem_tmr.o
LOAD arch/arm/mach-sunxi/pm/standby/../mem_tmstmp.o
LOAD arch/arm/mach-sunxi/pm/standby/../mem_hwspinlock.o
LOAD arch/arm/mach-sunxi/pm/standby/../mem_clk.o
OUTPUT(arch/arm/mach-sunxi/pm/standby/resume1.elf elf32-littlearm)

.debug_info     0x00000000     0xa9a1
 .debug_info    0x00000000      0x140 arch/arm/mach-sunxi/pm/standby/super/resume/resume_head.o
 .debug_info    0x00000140       0x7b arch/arm/mach-sunxi/pm/standby/super/resume/resume1.o
 .debug_info    0x000001bb       0xc9 arch/arm/mach-sunxi/pm/standby/super/common.o
 .debug_info    0x00000284       0x65 arch/arm/mach-sunxi/pm/standby/super/super_twi.o
 .debug_info    0x000002e9       0x78 arch/arm/mach-sunxi/pm/standby/super/super_delay.o
 .debug_info    0x00000361       0x65 arch/arm/mach-sunxi/pm/standby/super/super_clock.o
 .debug_info    0x000003c6       0x65 arch/arm/mach-sunxi/pm/standby/super/super_power.o
 .debug_info    0x0000042b       0x65 arch/arm/mach-sunxi/pm/standby/super/super_cpus.o
 .debug_info    0x00000490     0x29d6 arch/arm/mach-sunxi/pm/standby/super/resume/resume1_c_part.o
 .debug_info    0x00002e66      0x36c arch/arm/mach-sunxi/pm/standby/../pm_debug.o
 .debug_info    0x000031d2      0x471 arch/arm/mach-sunxi/pm/standby/../mem_timing.o
 .debug_info    0x00003643      0x148 arch/arm/mach-sunxi/pm/standby/../mem_mmu_pc.o
 .debug_info    0x0000378b       0x78 arch/arm/mach-sunxi/pm/standby/../mem_mmu_pc_asm.o
 .debug_info    0x00003803      0x520 arch/arm/mach-sunxi/pm/standby/../mem_cpu.o
 .debug_info    0x00003d23     0x2aae arch/arm/mach-sunxi/pm/standby/../mem_serial.o
 .debug_info    0x000067d1      0x7d7 arch/arm/mach-sunxi/pm/standby/../mem_printk.o
 .debug_info    0x00006fa8       0x74 arch/arm/mach-sunxi/pm/standby/../mem_divlib.o
 .debug_info    0x0000701c       0xf3 arch/arm/mach-sunxi/pm/standby/../mem_divlibc.o
 .debug_info    0x0000710f      0x1df arch/arm/mach-sunxi/pm/standby/../mem_int.o
 .debug_info    0x000072ee      0x3ed arch/arm/mach-sunxi/pm/standby/../mem_tmr.o
 .debug_info    0x000076db      0x146 arch/arm/mach-sunxi/pm/standby/../mem_tmstmp.o
 .debug_info    0x00007821      0x28f arch/arm/mach-sunxi/pm/standby/../mem_hwspinlock.o
 .debug_info    0x00007ab0     0x2ef1 arch/arm/mach-sunxi/pm/standby/../mem_clk.o

.debug_abbrev   0x00000000     0x145c
 .debug_abbrev  0x00000000       0x7f arch/arm/mach-sunxi/pm/standby/super/resume/resume_head.o
 .debug_abbrev  0x0000007f       0x14 arch/arm/mach-sunxi/pm/standby/super/resume/resume1.o
 .debug_abbrev  0x00000093       0x8b arch/arm/mach-sunxi/pm/standby/super/common.o
 .debug_abbrev  0x0000011e       0x2a arch/arm/mach-sunxi/pm/standby/super/super_twi.o
 .debug_abbrev  0x00000148       0x14 arch/arm/mach-sunxi/pm/standby/super/super_delay.o
 .debug_abbrev  0x0000015c       0x2a arch/arm/mach-sunxi/pm/standby/super/super_clock.o
 .debug_abbrev  0x00000186       0x2a arch/arm/mach-sunxi/pm/standby/super/super_power.o
 .debug_abbrev  0x000001b0       0x2a arch/arm/mach-sunxi/pm/standby/super/super_cpus.o
 .debug_abbrev  0x000001da      0x1d0 arch/arm/mach-sunxi/pm/standby/super/resume/resume1_c_part.o
 .debug_abbrev  0x000003aa      0x17a arch/arm/mach-sunxi/pm/standby/../pm_debug.o
 .debug_abbrev  0x00000524      0x1c3 arch/arm/mach-sunxi/pm/standby/../mem_timing.o
 .debug_abbrev  0x000006e7       0xa8 arch/arm/mach-sunxi/pm/standby/../mem_mmu_pc.o
 .debug_abbrev  0x0000078f       0x14 arch/arm/mach-sunxi/pm/standby/../mem_mmu_pc_asm.o
 .debug_abbrev  0x000007a3      0x130 arch/arm/mach-sunxi/pm/standby/../mem_cpu.o
 .debug_abbrev  0x000008d3      0x30b arch/arm/mach-sunxi/pm/standby/../mem_serial.o
 .debug_abbrev  0x00000bde      0x209 arch/arm/mach-sunxi/pm/standby/../mem_printk.o
 .debug_abbrev  0x00000de7       0x14 arch/arm/mach-sunxi/pm/standby/../mem_divlib.o
 .debug_abbrev  0x00000dfb       0x81 arch/arm/mach-sunxi/pm/standby/../mem_divlibc.o
 .debug_abbrev  0x00000e7c       0xcb arch/arm/mach-sunxi/pm/standby/../mem_int.o
 .debug_abbrev  0x00000f47       0xf3 arch/arm/mach-sunxi/pm/standby/../mem_tmr.o
 .debug_abbrev  0x0000103a       0xbd arch/arm/mach-sunxi/pm/standby/../mem_tmstmp.o
 .debug_abbrev  0x000010f7      0x130 arch/arm/mach-sunxi/pm/standby/../mem_hwspinlock.o
 .debug_abbrev  0x00001227      0x235 arch/arm/mach-sunxi/pm/standby/../mem_clk.o

.debug_line     0x00000000     0x14c5
 .debug_line    0x00000000       0x98 arch/arm/mach-sunxi/pm/standby/super/resume/resume_head.o
 .debug_line    0x00000098       0x7a arch/arm/mach-sunxi/pm/standby/super/resume/resume1.o
 .debug_line    0x00000112       0x76 arch/arm/mach-sunxi/pm/standby/super/common.o
 .debug_line    0x00000188       0x1d arch/arm/mach-sunxi/pm/standby/super/super_twi.o
 .debug_line    0x000001a5       0x6b arch/arm/mach-sunxi/pm/standby/super/super_delay.o
 .debug_line    0x00000210       0x1d arch/arm/mach-sunxi/pm/standby/super/super_clock.o
 .debug_line    0x0000022d       0x1d arch/arm/mach-sunxi/pm/standby/super/super_power.o
 .debug_line    0x0000024a       0x1d arch/arm/mach-sunxi/pm/standby/super/super_cpus.o
 .debug_line    0x00000267      0x145 arch/arm/mach-sunxi/pm/standby/super/resume/resume1_c_part.o
 .debug_line    0x000003ac      0x128 arch/arm/mach-sunxi/pm/standby/../pm_debug.o
 .debug_line    0x000004d4      0x103 arch/arm/mach-sunxi/pm/standby/../mem_timing.o
 .debug_line    0x000005d7       0xb0 arch/arm/mach-sunxi/pm/standby/../mem_mmu_pc.o
 .debug_line    0x00000687      0x1af arch/arm/mach-sunxi/pm/standby/../mem_mmu_pc_asm.o
 .debug_line    0x00000836      0x125 arch/arm/mach-sunxi/pm/standby/../mem_cpu.o
 .debug_line    0x0000095b      0x1be arch/arm/mach-sunxi/pm/standby/../mem_serial.o
 .debug_line    0x00000b19      0x2fd arch/arm/mach-sunxi/pm/standby/../mem_printk.o
 .debug_line    0x00000e16       0xad arch/arm/mach-sunxi/pm/standby/../mem_divlib.o
 .debug_line    0x00000ec3       0x86 arch/arm/mach-sunxi/pm/standby/../mem_divlibc.o
 .debug_line    0x00000f49       0xf8 arch/arm/mach-sunxi/pm/standby/../mem_int.o
 .debug_line    0x00001041       0xcf arch/arm/mach-sunxi/pm/standby/../mem_tmr.o
 .debug_line    0x00001110       0x8f arch/arm/mach-sunxi/pm/standby/../mem_tmstmp.o
 .debug_line    0x0000119f       0xf7 arch/arm/mach-sunxi/pm/standby/../mem_hwspinlock.o
 .debug_line    0x00001296      0x22f arch/arm/mach-sunxi/pm/standby/../mem_clk.o

.debug_str      0x00000000     0x216f
 .debug_str     0x00000000      0x16a arch/arm/mach-sunxi/pm/standby/super/resume/resume_head.o
                                0x195 (size before relaxing)
 .debug_str     0x0000016a       0x49 arch/arm/mach-sunxi/pm/standby/super/common.o
                                0x10a (size before relaxing)
 .debug_str     0x000001b3       0x31 arch/arm/mach-sunxi/pm/standby/super/super_twi.o
                                 0xed (size before relaxing)
 .debug_str     0x000001e4       0x33 arch/arm/mach-sunxi/pm/standby/super/super_clock.o
                                 0xef (size before relaxing)
 .debug_str     0x00000217       0x33 arch/arm/mach-sunxi/pm/standby/super/super_power.o
                                 0xef (size before relaxing)
 .debug_str     0x0000024a       0x32 arch/arm/mach-sunxi/pm/standby/super/super_cpus.o
                                 0xee (size before relaxing)
 .debug_str     0x0000027c      0xd17 arch/arm/mach-sunxi/pm/standby/super/resume/resume1_c_part.o
                                0xe16 (size before relaxing)
 .debug_str     0x00000f93      0x1b1 arch/arm/mach-sunxi/pm/standby/../pm_debug.o
                                0x27e (size before relaxing)
 .debug_str     0x00001144      0x1c0 arch/arm/mach-sunxi/pm/standby/../mem_timing.o
                                0x2a0 (size before relaxing)
 .debug_str     0x00001304       0x50 arch/arm/mach-sunxi/pm/standby/../mem_mmu_pc.o
                                0x159 (size before relaxing)
 .debug_str     0x00001354      0x285 arch/arm/mach-sunxi/pm/standby/../mem_cpu.o
                                0x3a6 (size before relaxing)
 .debug_str     0x000015d9      0x16f arch/arm/mach-sunxi/pm/standby/../mem_serial.o
                                0xc75 (size before relaxing)
 .debug_str     0x00001748       0xe5 arch/arm/mach-sunxi/pm/standby/../mem_printk.o
                                0x1d2 (size before relaxing)
 .debug_str     0x0000182d       0x6f arch/arm/mach-sunxi/pm/standby/../mem_divlibc.o
                                0x137 (size before relaxing)
 .debug_str     0x0000189c      0x116 arch/arm/mach-sunxi/pm/standby/../mem_int.o
                                0x1de (size before relaxing)
 .debug_str     0x000019b2      0x22e arch/arm/mach-sunxi/pm/standby/../mem_tmr.o
                                0x346 (size before relaxing)
 .debug_str     0x00001be0       0x9f arch/arm/mach-sunxi/pm/standby/../mem_tmstmp.o
                                0x171 (size before relaxing)
 .debug_str     0x00001c7f       0xda arch/arm/mach-sunxi/pm/standby/../mem_hwspinlock.o
                                0x1b3 (size before relaxing)
 .debug_str     0x00001d59      0x416 arch/arm/mach-sunxi/pm/standby/../mem_clk.o
                                0xf91 (size before relaxing)

.comment        0x00000000       0x64
 .comment       0x00000000       0x64 arch/arm/mach-sunxi/pm/standby/super/resume/resume_head.o
                                 0x65 (size before relaxing)
 .comment       0x00000000       0x65 arch/arm/mach-sunxi/pm/standby/super/common.o
 .comment       0x00000000       0x65 arch/arm/mach-sunxi/pm/standby/super/super_twi.o
 .comment       0x00000000       0x65 arch/arm/mach-sunxi/pm/standby/super/super_clock.o
 .comment       0x00000000       0x65 arch/arm/mach-sunxi/pm/standby/super/super_power.o
 .comment       0x00000000       0x65 arch/arm/mach-sunxi/pm/standby/super/super_cpus.o
 .comment       0x00000000       0x65 arch/arm/mach-sunxi/pm/standby/super/resume/resume1_c_part.o
 .comment       0x00000000       0x65 arch/arm/mach-sunxi/pm/standby/../pm_debug.o
 .comment       0x00000000       0x65 arch/arm/mach-sunxi/pm/standby/../mem_timing.o
 .comment       0x00000000       0x65 arch/arm/mach-sunxi/pm/standby/../mem_mmu_pc.o
 .comment       0x00000000       0x65 arch/arm/mach-sunxi/pm/standby/../mem_cpu.o
 .comment       0x00000000       0x65 arch/arm/mach-sunxi/pm/standby/../mem_serial.o
 .comment       0x00000000       0x65 arch/arm/mach-sunxi/pm/standby/../mem_printk.o
 .comment       0x00000000       0x65 arch/arm/mach-sunxi/pm/standby/../mem_divlibc.o
 .comment       0x00000000       0x65 arch/arm/mach-sunxi/pm/standby/../mem_int.o
 .comment       0x00000000       0x65 arch/arm/mach-sunxi/pm/standby/../mem_tmr.o
 .comment       0x00000000       0x65 arch/arm/mach-sunxi/pm/standby/../mem_tmstmp.o
 .comment       0x00000000       0x65 arch/arm/mach-sunxi/pm/standby/../mem_hwspinlock.o
 .comment       0x00000000       0x65 arch/arm/mach-sunxi/pm/standby/../mem_clk.o

.note.GNU-stack
                0x00000000        0x0
 .note.GNU-stack
                0x00000000        0x0 arch/arm/mach-sunxi/pm/standby/super/resume/resume_head.o
 .note.GNU-stack
                0x00000000        0x0 arch/arm/mach-sunxi/pm/standby/super/common.o
 .note.GNU-stack
                0x00000000        0x0 arch/arm/mach-sunxi/pm/standby/super/super_twi.o
 .note.GNU-stack
                0x00000000        0x0 arch/arm/mach-sunxi/pm/standby/super/super_clock.o
 .note.GNU-stack
                0x00000000        0x0 arch/arm/mach-sunxi/pm/standby/super/super_power.o
 .note.GNU-stack
                0x00000000        0x0 arch/arm/mach-sunxi/pm/standby/super/super_cpus.o
 .note.GNU-stack
                0x00000000        0x0 arch/arm/mach-sunxi/pm/standby/super/resume/resume1_c_part.o
 .note.GNU-stack
                0x00000000        0x0 arch/arm/mach-sunxi/pm/standby/../pm_debug.o
 .note.GNU-stack
                0x00000000        0x0 arch/arm/mach-sunxi/pm/standby/../mem_timing.o
 .note.GNU-stack
                0x00000000        0x0 arch/arm/mach-sunxi/pm/standby/../mem_mmu_pc.o
 .note.GNU-stack
                0x00000000        0x0 arch/arm/mach-sunxi/pm/standby/../mem_cpu.o
 .note.GNU-stack
                0x00000000        0x0 arch/arm/mach-sunxi/pm/standby/../mem_serial.o
 .note.GNU-stack
                0x00000000        0x0 arch/arm/mach-sunxi/pm/standby/../mem_printk.o
 .note.GNU-stack
                0x00000000        0x0 arch/arm/mach-sunxi/pm/standby/../mem_divlibc.o
 .note.GNU-stack
                0x00000000        0x0 arch/arm/mach-sunxi/pm/standby/../mem_int.o
 .note.GNU-stack
                0x00000000        0x0 arch/arm/mach-sunxi/pm/standby/../mem_tmr.o
 .note.GNU-stack
                0x00000000        0x0 arch/arm/mach-sunxi/pm/standby/../mem_tmstmp.o
 .note.GNU-stack
                0x00000000        0x0 arch/arm/mach-sunxi/pm/standby/../mem_hwspinlock.o
 .note.GNU-stack
                0x00000000        0x0 arch/arm/mach-sunxi/pm/standby/../mem_clk.o

.ARM.attributes
                0x00000000       0x33
 .ARM.attributes
                0x00000000       0x35 arch/arm/mach-sunxi/pm/standby/super/resume/resume_head.o
 .ARM.attributes
                0x00000035       0x21 arch/arm/mach-sunxi/pm/standby/super/resume/resume1.o
 .ARM.attributes
                0x00000056       0x35 arch/arm/mach-sunxi/pm/standby/super/common.o
 .ARM.attributes
                0x0000008b       0x35 arch/arm/mach-sunxi/pm/standby/super/super_twi.o
 .ARM.attributes
                0x000000c0       0x21 arch/arm/mach-sunxi/pm/standby/super/super_delay.o
 .ARM.attributes
                0x000000e1       0x35 arch/arm/mach-sunxi/pm/standby/super/super_clock.o
 .ARM.attributes
                0x00000116       0x35 arch/arm/mach-sunxi/pm/standby/super/super_power.o
 .ARM.attributes
                0x0000014b       0x35 arch/arm/mach-sunxi/pm/standby/super/super_cpus.o
 .ARM.attributes
                0x00000180       0x35 arch/arm/mach-sunxi/pm/standby/super/resume/resume1_c_part.o
 .ARM.attributes
                0x000001b5       0x35 arch/arm/mach-sunxi/pm/standby/../pm_debug.o
 .ARM.attributes
                0x000001ea       0x35 arch/arm/mach-sunxi/pm/standby/../mem_timing.o
 .ARM.attributes
                0x0000021f       0x35 arch/arm/mach-sunxi/pm/standby/../mem_mmu_pc.o
 .ARM.attributes
                0x00000254       0x21 arch/arm/mach-sunxi/pm/standby/../mem_mmu_pc_asm.o
 .ARM.attributes
                0x00000275       0x35 arch/arm/mach-sunxi/pm/standby/../mem_cpu.o
 .ARM.attributes
                0x000002aa       0x35 arch/arm/mach-sunxi/pm/standby/../mem_serial.o
 .ARM.attributes
                0x000002df       0x35 arch/arm/mach-sunxi/pm/standby/../mem_printk.o
 .ARM.attributes
                0x00000314       0x21 arch/arm/mach-sunxi/pm/standby/../mem_divlib.o
 .ARM.attributes
                0x00000335       0x35 arch/arm/mach-sunxi/pm/standby/../mem_divlibc.o
 .ARM.attributes
                0x0000036a       0x35 arch/arm/mach-sunxi/pm/standby/../mem_int.o
 .ARM.attributes
                0x0000039f       0x35 arch/arm/mach-sunxi/pm/standby/../mem_tmr.o
 .ARM.attributes
                0x000003d4       0x35 arch/arm/mach-sunxi/pm/standby/../mem_tmstmp.o
 .ARM.attributes
                0x00000409       0x35 arch/arm/mach-sunxi/pm/standby/../mem_hwspinlock.o
 .ARM.attributes
                0x0000043e       0x35 arch/arm/mach-sunxi/pm/standby/../mem_clk.o

.debug_aranges  0x00000000      0x240
 .debug_aranges
                0x00000000       0x20 arch/arm/mach-sunxi/pm/standby/super/resume/resume1.o
 .debug_aranges
                0x00000020       0x20 arch/arm/mach-sunxi/pm/standby/super/common.o
 .debug_aranges
                0x00000040       0x20 arch/arm/mach-sunxi/pm/standby/super/super_delay.o
 .debug_aranges
                0x00000060       0x20 arch/arm/mach-sunxi/pm/standby/super/resume/resume1_c_part.o
 .debug_aranges
                0x00000080       0x20 arch/arm/mach-sunxi/pm/standby/../pm_debug.o
 .debug_aranges
                0x000000a0       0x20 arch/arm/mach-sunxi/pm/standby/../mem_timing.o
 .debug_aranges
                0x000000c0       0x20 arch/arm/mach-sunxi/pm/standby/../mem_mmu_pc.o
 .debug_aranges
                0x000000e0       0x20 arch/arm/mach-sunxi/pm/standby/../mem_mmu_pc_asm.o
 .debug_aranges
                0x00000100       0x20 arch/arm/mach-sunxi/pm/standby/../mem_cpu.o
 .debug_aranges
                0x00000120       0x20 arch/arm/mach-sunxi/pm/standby/../mem_serial.o
 .debug_aranges
                0x00000140       0x20 arch/arm/mach-sunxi/pm/standby/../mem_printk.o
 .debug_aranges
                0x00000160       0x20 arch/arm/mach-sunxi/pm/standby/../mem_divlib.o
 .debug_aranges
                0x00000180       0x20 arch/arm/mach-sunxi/pm/standby/../mem_divlibc.o
 .debug_aranges
                0x000001a0       0x20 arch/arm/mach-sunxi/pm/standby/../mem_int.o
 .debug_aranges
                0x000001c0       0x20 arch/arm/mach-sunxi/pm/standby/../mem_tmr.o
 .debug_aranges
                0x000001e0       0x20 arch/arm/mach-sunxi/pm/standby/../mem_tmstmp.o
 .debug_aranges
                0x00000200       0x20 arch/arm/mach-sunxi/pm/standby/../mem_hwspinlock.o
 .debug_aranges
                0x00000220       0x20 arch/arm/mach-sunxi/pm/standby/../mem_clk.o

.debug_loc      0x00000000     0x1af4
 .debug_loc     0x00000000       0x64 arch/arm/mach-sunxi/pm/standby/super/common.o
 .debug_loc     0x00000064       0xae arch/arm/mach-sunxi/pm/standby/super/resume/resume1_c_part.o
 .debug_loc     0x00000112      0x1ee arch/arm/mach-sunxi/pm/standby/../pm_debug.o
 .debug_loc     0x00000300      0x349 arch/arm/mach-sunxi/pm/standby/../mem_timing.o
 .debug_loc     0x00000649       0x42 arch/arm/mach-sunxi/pm/standby/../mem_cpu.o
 .debug_loc     0x0000068b      0x318 arch/arm/mach-sunxi/pm/standby/../mem_serial.o
 .debug_loc     0x000009a3      0x9e9 arch/arm/mach-sunxi/pm/standby/../mem_printk.o
 .debug_loc     0x0000138c       0xb2 arch/arm/mach-sunxi/pm/standby/../mem_divlibc.o
 .debug_loc     0x0000143e      0x175 arch/arm/mach-sunxi/pm/standby/../mem_int.o
 .debug_loc     0x000015b3       0x5c arch/arm/mach-sunxi/pm/standby/../mem_tmr.o
 .debug_loc     0x0000160f       0x3c arch/arm/mach-sunxi/pm/standby/../mem_tmstmp.o
 .debug_loc     0x0000164b      0x1f1 arch/arm/mach-sunxi/pm/standby/../mem_hwspinlock.o
 .debug_loc     0x0000183c      0x2b8 arch/arm/mach-sunxi/pm/standby/../mem_clk.o

.debug_frame    0x00000000      0x764
 .debug_frame   0x00000000       0x20 arch/arm/mach-sunxi/pm/standby/super/common.o
 .debug_frame   0x00000020       0x44 arch/arm/mach-sunxi/pm/standby/super/resume/resume1_c_part.o
 .debug_frame   0x00000064      0x140 arch/arm/mach-sunxi/pm/standby/../pm_debug.o
 .debug_frame   0x000001a4       0xd4 arch/arm/mach-sunxi/pm/standby/../mem_timing.o
 .debug_frame   0x00000278       0x30 arch/arm/mach-sunxi/pm/standby/../mem_mmu_pc.o
 .debug_frame   0x000002a8       0x90 arch/arm/mach-sunxi/pm/standby/../mem_cpu.o
 .debug_frame   0x00000338       0xc4 arch/arm/mach-sunxi/pm/standby/../mem_serial.o
 .debug_frame   0x000003fc       0xdc arch/arm/mach-sunxi/pm/standby/../mem_printk.o
 .debug_frame   0x000004d8       0x30 arch/arm/mach-sunxi/pm/standby/../mem_divlibc.o
 .debug_frame   0x00000508       0x64 arch/arm/mach-sunxi/pm/standby/../mem_int.o
 .debug_frame   0x0000056c       0x78 arch/arm/mach-sunxi/pm/standby/../mem_tmr.o
 .debug_frame   0x000005e4       0x30 arch/arm/mach-sunxi/pm/standby/../mem_tmstmp.o
 .debug_frame   0x00000614       0x68 arch/arm/mach-sunxi/pm/standby/../mem_hwspinlock.o
 .debug_frame   0x0000067c       0xe8 arch/arm/mach-sunxi/pm/standby/../mem_clk.o

.debug_ranges   0x00000000      0x188
 .debug_ranges  0x00000000      0x110 arch/arm/mach-sunxi/pm/standby/../mem_serial.o
 .debug_ranges  0x00000110       0x30 arch/arm/mach-sunxi/pm/standby/../mem_printk.o
 .debug_ranges  0x00000140       0x48 arch/arm/mach-sunxi/pm/standby/../mem_hwspinlock.o
