
Allocating common symbols
Common symbol       size              file

cpu_ms_loopcnt      0x4               arch/arm/mach-sunxi/pm/standby/standby_clock.o
pm_info             0x1c              arch/arm/mach-sunxi/pm/standby/standby.o
normal_standby_para_info
                    0x14              arch/arm/mach-sunxi/pm/standby/standby.o

Memory Configuration

Name             Origin             Length             Attributes
*default*        0x00000000         0xffffffff

Linker script and memory map

                0x00000000                __standby_start = .

.text           0xf0000000     0x3910
 arch/arm/mach-sunxi/pm/standby/standby.o(.text.startup)
 *(.text)
 .text          0xf0000000      0x458 arch/arm/mach-sunxi/pm/standby/standby.o
                0xf0000000                standby_main
 .text          0xf0000458       0x44 arch/arm/mach-sunxi/pm/standby/common.o
                0xf0000458                standby_memcpy
                0xf0000488                standby_mdelay
 .text          0xf000049c       0x1c arch/arm/mach-sunxi/pm/standby/standby_clock.o
                0xf000049c                standby_clk_init
                0xf00004a4                standby_clk_exit
                0xf00004ac                standby_clk_core2hosc
                0xf00004b0                standby_clk_ldoenable
                0xf00004b4                standby_clk_pll1enable
 .text          0xf00004b8       0x20 arch/arm/mach-sunxi/pm/standby/standby_ir.o
                0xf00004b8                standby_ir_init
                0xf00004c0                standby_ir_exit
                0xf00004c8                standby_ir_detect
                0xf00004d0                standby_ir_verify
 .text          0xf00004d8       0xa8 arch/arm/mach-sunxi/pm/standby/standby_key.o
                0xf00004d8                standby_key_init
                0xf0000538                standby_key_exit
                0xf0000558                standby_query_key
 .text          0xf0000580      0x258 arch/arm/mach-sunxi/pm/standby/standby_power.o
                0xf0000580                standby_set_voltage
                0xf0000720                standby_get_voltage
 .text          0xf00007d8      0x344 arch/arm/mach-sunxi/pm/standby/standby_twi.o
                0xf00007d8                standby_twi_init
                0xf0000824                standby_twi_exit
                0xf0000868                twi_byte_rw
 .text          0xf0000b1c       0x20 arch/arm/mach-sunxi/pm/standby/standby_usb.o
                0xf0000b1c                standby_usb_init
                0xf0000b24                standby_usb_exit
                0xf0000b2c                standby_is_usb_status_change
                0xf0000b34                standby_query_usb_event
 .text          0xf0000b3c        0x0 arch/arm/mach-sunxi/pm/standby/standby_delay.o
 .text          0xf0000b3c      0x268 arch/arm/mach-sunxi/pm/standby/./arisc/standby_arisc.o
                0xf0000b3c                standby_arisc_init
                0xf0000b68                standby_arisc_exit
                0xf0000b94                standby_arisc_notify_restore
                0xf0000c0c                standby_arisc_check_restore_status
                0xf0000c90                standby_arisc_query_wakeup_src
                0xf0000d2c                standby_arisc_standby_normal
 .text          0xf0000da4      0x338 arch/arm/mach-sunxi/pm/standby/./arisc/arisc_hwmsgbox.o
                0xf0000da4                arisc_hwmsgbox_init
                0xf0000dac                arisc_hwmsgbox_exit
                0xf0000db4                arisc_hwmsgbox_send_message
                0xf0000e78                arisc_hwmsgbox_feedback_message
                0xf0000f1c                arisc_hwmsgbox_enable_receiver_int
                0xf0000f70                arisc_hwmsgbox_query_receiver_pending
                0xf0000f9c                arisc_hwmsgbox_clear_receiver_pending
                0xf0000fbc                arisc_hwmsgbox_query_message
                0xf00010a8                arisc_message_valid
 .text          0xf00010dc       0x54 arch/arm/mach-sunxi/pm/standby/./arisc/arisc_hwspinlock.o
                0xf00010dc                arisc_hwspinlock_init
                0xf00010e4                arisc_hwspinlock_exit
                0xf00010ec                arisc_hwspin_lock_timeout
                0xf0001110                arisc_hwspin_unlock
 .text          0xf0001130       0xec arch/arm/mach-sunxi/pm/standby/./arisc/arisc_message_manager.o
                0xf0001130                arisc_message_manager_init
                0xf0001158                arisc_message_manager_exit
                0xf0001160                arisc_message_allocate
                0xf00011f0                arisc_message_free
 .text          0xf000121c      0x344 arch/arm/mach-sunxi/pm/standby/./../pm_debug.o
                0xf000121c                busy_waiting
                0xf000123c                save_mem_flag
                0xf0001240                clear_mem_flag
                0xf0001244                mem_status_init
                0xf0001268                mem_status_init_nommu
                0xf000128c                mem_status_clear
                0xf000131c                mem_status_exit
                0xf0001320                save_mem_status
                0xf00013ac                get_mem_status
                0xf00013f8                show_mem_status
                0xf0001460                save_mem_status_nommu
                0xf00014e4                io_init
                0xf00014fc                io_init_high
                0xf0001514                io_init_low
                0xf000152c                io_high
 .text          0xf0001560      0x1bc arch/arm/mach-sunxi/pm/standby/./../mem_timing.o
                0xf0001560                init_perfcounters
                0xf000158c                backup_perfcounter
                0xf00015a8                restore_perfcounter
                0xf00015cc                get_cyclecount
                0xf00015d4                reset_counter
                0xf00015e4                change_runtime_env
                0xf000160c                delay_us
                0xf000168c                delay_ms
                0xf0001698                init_event_counter
                0xf00016c4                set_event_counter
                0xf00016f0                get_event_counter
 *fill*         0xf000171c        0x4 00
 .text          0xf0001720       0xa0 arch/arm/mach-sunxi/pm/standby/./../mem_mmu_pc.o
                0xf0001720                save_mmu_state
                0xf000175c                restore_mmu_state
 .text          0xf00017c0      0x540 arch/arm/mach-sunxi/pm/standby/./../mem_mmu_pc_asm.o
                0xf00017c0                save_sp
                0xf00017cc                save_sp_nommu
                0xf00017d8                restore_sp
                0xf00017e0                get_sp
                0xf00017f0                invalidate_dcache
                0xf0001884                invalidate_icache
                0xf000189c                flush_dcache
                0xf0001938                flush_icache
                0xf000195c                disable_cache
                0xf000197c                disable_dcache
                0xf0001998                disable_icache
                0xf00019b4                disable_l2cache
                0xf00019d0                enable_cache
                0xf00019f0                enable_icache
                0xf0001a0c                invalidate_branch_predictor
                0xf0001a24                disable_program_flow_prediction
                0xf0001a40                enable_program_flow_prediction
                0xf0001a5c                mem_flush_tlb
                0xf0001a80                mem_preload_tlb
                0xf0001b8c                disable_mmu
                0xf0001bb4                enable_mmu
                0xf0001bf4                jump_to_suspend
                0xf0001c10                jump_to_resume
                0xf0001c30                jump_to_resume0
                0xf0001c40                jump_to_resume0_nommu
 .text          0xf0001d00      0x43c arch/arm/mach-sunxi/pm/standby/./../mem_serial.o
                0xf0001dd4                serial_init_nommu
                0xf0001e64                serial_puts_nommu
                0xf0001ee8                serial_gets_nommu
                0xf0001f70                serial_init
                0xf0002000                serial_exit
                0xf0002030                serial_puts
                0xf00020b4                serial_gets
 .text          0xf000213c      0x7ec arch/arm/mach-sunxi/pm/standby/./../mem_printk.o
                0xf0002388                printk
                0xf0002658                printk_nommu
 .text          0xf0002928      0x1dc arch/arm/mach-sunxi/pm/standby/./../mem_divlib.o
                0xf0002928                standby_delay
                0xf0002950                standby_delay_cycle
                0xf000295c                Ldiv0
                0xf000296c                __aeabi_uidiv
                0xf0002a08                __aeabi_idiv
                0xf0002ad4                __aeabi_uidivmod
                0xf0002aec                __aeabi_idivmod
 .text          0xf0002b04       0x58 arch/arm/mach-sunxi/pm/standby/./../mem_divlibc.o
                0xf0002b04                __mem_div0
                0xf0002b10                raw_lib_udiv
 .text          0xf0002b5c      0x18c arch/arm/mach-sunxi/pm/standby/./../mem_int.o
                0xf0002b5c                mem_int_init
                0xf0002bec                mem_int_exit
                0xf0002c40                mem_enable_int
                0xf0002c98                mem_query_int
 .text          0xf0002ce8      0x19c arch/arm/mach-sunxi/pm/standby/./../mem_tmr.o
                0xf0002ce8                mem_tmr_save
                0xf0002d4c                mem_tmr_restore
                0xf0002d9c                mem_tmr_init
                0xf0002dd4                mem_tmr_exit
                0xf0002dfc                mem_tmr_enable_watchdog
                0xf0002e44                mem_tmr_disable_watchdog
 .text          0xf0002e84       0x58 arch/arm/mach-sunxi/pm/standby/./../mem_tmstmp.o
                0xf0002e84                mem_tmstmp_save
                0xf0002eb4                mem_tmstmp_restore
 .text          0xf0002edc      0x868 arch/arm/mach-sunxi/pm/standby/./../mem_clk.o
                0xf0002edc                mem_clk_init
                0xf0002f08                mem_get_ba
                0xf0002f18                mem_clk_save
                0xf00030b0                mem_clk_restore
                0xf00034e8                mem_clk_setdiv
                0xf0003510                mem_clk_getdiv
                0xf0003538                mem_clk_set_pll_factor
                0xf0003588                mem_clk_get_pll_factor
                0xf00035cc                mem_clk_set_misc
                0xf0003664                mem_clk_get_misc
                0xf00036e8                mem_clk_get_cpu_freq
 .text          0xf0003744      0x168 arch/arm/mach-sunxi/pm/standby/./../mem_hwspinlock.o
                0xf0003744                hwspinlock_init
                0xf0003770                hwspin_lock_timeout
                0xf00037ec                hwspin_unlock
                0xf000381c                hwspin_lock_timeout_nommu
                0xf0003884                hwspin_unlock_nommu
 *(.rodata)
 .rodata        0xf00038ac       0x40 arch/arm/mach-sunxi/pm/standby/standby_power.o
 .rodata        0xf00038ec        0xc arch/arm/mach-sunxi/pm/standby/standby_twi.o
 .rodata        0xf00038f8       0x10 arch/arm/mach-sunxi/pm/standby/./../mem_timing.o
 .rodata        0xf0003908        0x8 arch/arm/mach-sunxi/pm/standby/./../mem_serial.o

.rodata.str1.4  0xf0003910      0x28c
 .rodata.str1.4
                0xf0003910      0x1f8 arch/arm/mach-sunxi/pm/standby/standby.o
 .rodata.str1.4
                0xf0003b08       0x17 arch/arm/mach-sunxi/pm/standby/./../pm_debug.o
                                 0x18 (size before relaxing)
 *fill*         0xf0003b1f        0x1 00
 .rodata.str1.4
                0xf0003b20       0x25 arch/arm/mach-sunxi/pm/standby/./../mem_printk.o
                                 0x28 (size before relaxing)
 *fill*         0xf0003b45        0x3 00
 .rodata.str1.4
                0xf0003b48       0x1a arch/arm/mach-sunxi/pm/standby/./../mem_divlibc.o
                                 0x1c (size before relaxing)
 *fill*         0xf0003b62        0x2 00
 .rodata.str1.4
                0xf0003b64       0x1b arch/arm/mach-sunxi/pm/standby/./../mem_int.o
                                 0x1c (size before relaxing)
 *fill*         0xf0003b7f        0x1 00
 .rodata.str1.4
                0xf0003b80       0x1c arch/arm/mach-sunxi/pm/standby/./../mem_hwspinlock.o

.glue_7         0xf0003b9c        0x0
 .glue_7        0x00000000        0x0 linker stubs

.glue_7t        0xf0003b9c        0x0
 .glue_7t       0x00000000        0x0 linker stubs

.vfp11_veneer   0xf0003b9c        0x0
 .vfp11_veneer  0x00000000        0x0 linker stubs

.v4_bx          0xf0003b9c        0x0
 .v4_bx         0x00000000        0x0 linker stubs

.iplt           0xf0003b9c        0x0
 .iplt          0x00000000        0x0 arch/arm/mach-sunxi/pm/standby/standby.o

.rel.dyn        0xf0003b9c        0x0
 .rel.iplt      0x00000000        0x0 arch/arm/mach-sunxi/pm/standby/standby.o

.data           0xf0003b9c       0xac
 *(.data)
 .data          0xf0003b9c        0x0 arch/arm/mach-sunxi/pm/standby/standby.o
 .data          0xf0003b9c        0x0 arch/arm/mach-sunxi/pm/standby/common.o
 .data          0xf0003b9c        0x0 arch/arm/mach-sunxi/pm/standby/standby_clock.o
 .data          0xf0003b9c        0x0 arch/arm/mach-sunxi/pm/standby/standby_ir.o
 .data          0xf0003b9c        0x0 arch/arm/mach-sunxi/pm/standby/standby_key.o
 .data          0xf0003b9c       0xa8 arch/arm/mach-sunxi/pm/standby/standby_power.o
 .data          0xf0003c44        0x0 arch/arm/mach-sunxi/pm/standby/standby_twi.o
 .data          0xf0003c44        0x0 arch/arm/mach-sunxi/pm/standby/standby_usb.o
 .data          0xf0003c44        0x0 arch/arm/mach-sunxi/pm/standby/standby_delay.o
 .data          0xf0003c44        0x4 arch/arm/mach-sunxi/pm/standby/./arisc/standby_arisc.o
                0xf0003c44                arisc_sram_a2_vbase
 .data          0xf0003c48        0x0 arch/arm/mach-sunxi/pm/standby/./arisc/arisc_hwmsgbox.o
 .data          0xf0003c48        0x0 arch/arm/mach-sunxi/pm/standby/./arisc/arisc_hwspinlock.o
 .data          0xf0003c48        0x0 arch/arm/mach-sunxi/pm/standby/./arisc/arisc_message_manager.o
 .data          0xf0003c48        0x0 arch/arm/mach-sunxi/pm/standby/./../pm_debug.o
 .data          0xf0003c48        0x0 arch/arm/mach-sunxi/pm/standby/./../mem_timing.o
 .data          0xf0003c48        0x0 arch/arm/mach-sunxi/pm/standby/./../mem_mmu_pc.o
 .data          0xf0003c48        0x0 arch/arm/mach-sunxi/pm/standby/./../mem_mmu_pc_asm.o
 .data          0xf0003c48        0x0 arch/arm/mach-sunxi/pm/standby/./../mem_serial.o
 .data          0xf0003c48        0x0 arch/arm/mach-sunxi/pm/standby/./../mem_printk.o
 .data          0xf0003c48        0x0 arch/arm/mach-sunxi/pm/standby/./../mem_divlib.o
 .data          0xf0003c48        0x0 arch/arm/mach-sunxi/pm/standby/./../mem_divlibc.o
 .data          0xf0003c48        0x0 arch/arm/mach-sunxi/pm/standby/./../mem_int.o
 .data          0xf0003c48        0x0 arch/arm/mach-sunxi/pm/standby/./../mem_tmr.o
 .data          0xf0003c48        0x0 arch/arm/mach-sunxi/pm/standby/./../mem_tmstmp.o
 .data          0xf0003c48        0x0 arch/arm/mach-sunxi/pm/standby/./../mem_clk.o
 .data          0xf0003c48        0x0 arch/arm/mach-sunxi/pm/standby/./../mem_hwspinlock.o
                0xf0003c48                __bss_start = .

.igot.plt       0xf0003c48        0x0
 .igot.plt      0x00000000        0x0 arch/arm/mach-sunxi/pm/standby/standby.o

.bss            0xf0003c48      0x1e4
 *(.sbss)
 *(.scommon)
 *(.bss)
 .bss           0xf0003c48       0x24 arch/arm/mach-sunxi/pm/standby/standby.o
                0xf0003c4c                d_cache_miss_start
                0xf0003c50                d_tlb_miss_start
                0xf0003c54                i_tlb_miss_start
                0xf0003c58                i_cache_miss_start
                0xf0003c5c                d_cache_miss_end
                0xf0003c60                d_tlb_miss_end
                0xf0003c64                i_tlb_miss_end
                0xf0003c68                i_cache_miss_end
 .bss           0xf0003c6c        0x0 arch/arm/mach-sunxi/pm/standby/common.o
 .bss           0xf0003c6c        0x0 arch/arm/mach-sunxi/pm/standby/standby_clock.o
 .bss           0xf0003c6c        0x0 arch/arm/mach-sunxi/pm/standby/standby_ir.o
 .bss           0xf0003c6c        0xc arch/arm/mach-sunxi/pm/standby/standby_key.o
 .bss           0xf0003c78        0x0 arch/arm/mach-sunxi/pm/standby/standby_power.o
 .bss           0xf0003c78        0xc arch/arm/mach-sunxi/pm/standby/standby_twi.o
 .bss           0xf0003c84        0x0 arch/arm/mach-sunxi/pm/standby/standby_usb.o
 .bss           0xf0003c84        0x0 arch/arm/mach-sunxi/pm/standby/standby_delay.o
 .bss           0xf0003c84        0x8 arch/arm/mach-sunxi/pm/standby/./arisc/standby_arisc.o
 .bss           0xf0003c8c        0x0 arch/arm/mach-sunxi/pm/standby/./arisc/arisc_hwmsgbox.o
 .bss           0xf0003c8c        0x0 arch/arm/mach-sunxi/pm/standby/./arisc/arisc_hwspinlock.o
 .bss           0xf0003c8c        0x8 arch/arm/mach-sunxi/pm/standby/./arisc/arisc_message_manager.o
 .bss           0xf0003c94       0x14 arch/arm/mach-sunxi/pm/standby/./../pm_debug.o
                0xf0003ca4                print_flag
 .bss           0xf0003ca8       0x10 arch/arm/mach-sunxi/pm/standby/./../mem_timing.o
 .bss           0xf0003cb8        0x0 arch/arm/mach-sunxi/pm/standby/./../mem_mmu_pc.o
 .bss           0xf0003cb8        0x0 arch/arm/mach-sunxi/pm/standby/./../mem_mmu_pc_asm.o
 .bss           0xf0003cb8       0x10 arch/arm/mach-sunxi/pm/standby/./../mem_serial.o
 .bss           0xf0003cc8      0x100 arch/arm/mach-sunxi/pm/standby/./../mem_printk.o
 .bss           0xf0003dc8        0x0 arch/arm/mach-sunxi/pm/standby/./../mem_divlib.o
 .bss           0xf0003dc8        0x0 arch/arm/mach-sunxi/pm/standby/./../mem_divlibc.o
 .bss           0xf0003dc8        0x8 arch/arm/mach-sunxi/pm/standby/./../mem_int.o
 .bss           0xf0003dd0       0x10 arch/arm/mach-sunxi/pm/standby/./../mem_tmr.o
 .bss           0xf0003de0        0x4 arch/arm/mach-sunxi/pm/standby/./../mem_tmstmp.o
 .bss           0xf0003de4       0x10 arch/arm/mach-sunxi/pm/standby/./../mem_clk.o
 .bss           0xf0003df4        0x4 arch/arm/mach-sunxi/pm/standby/./../mem_hwspinlock.o
 *(COMMON)
 COMMON         0xf0003df8       0x30 arch/arm/mach-sunxi/pm/standby/standby.o
                0xf0003df8                pm_info
                0xf0003e14                normal_standby_para_info
 COMMON         0xf0003e28        0x4 arch/arm/mach-sunxi/pm/standby/standby_clock.o
                0xf0003e28                cpu_ms_loopcnt
                0xf0003e2c                __bss_end = .
                0xf0003e2c                __standby_end = .
LOAD arch/arm/mach-sunxi/pm/standby/common.o
LOAD arch/arm/mach-sunxi/pm/standby/standby_clock.o
LOAD arch/arm/mach-sunxi/pm/standby/standby_ir.o
LOAD arch/arm/mach-sunxi/pm/standby/standby_key.o
LOAD arch/arm/mach-sunxi/pm/standby/standby_power.o
LOAD arch/arm/mach-sunxi/pm/standby/standby_twi.o
LOAD arch/arm/mach-sunxi/pm/standby/standby_usb.o
LOAD arch/arm/mach-sunxi/pm/standby/standby_delay.o
LOAD arch/arm/mach-sunxi/pm/standby/./arisc/standby_arisc.o
LOAD arch/arm/mach-sunxi/pm/standby/./arisc/arisc_hwmsgbox.o
LOAD arch/arm/mach-sunxi/pm/standby/./arisc/arisc_hwspinlock.o
LOAD arch/arm/mach-sunxi/pm/standby/./arisc/arisc_message_manager.o
LOAD arch/arm/mach-sunxi/pm/standby/./../pm_debug.o
LOAD arch/arm/mach-sunxi/pm/standby/./../mem_timing.o
LOAD arch/arm/mach-sunxi/pm/standby/./../mem_mmu_pc.o
LOAD arch/arm/mach-sunxi/pm/standby/./../mem_mmu_pc_asm.o
LOAD arch/arm/mach-sunxi/pm/standby/./../mem_serial.o
LOAD arch/arm/mach-sunxi/pm/standby/./../mem_printk.o
LOAD arch/arm/mach-sunxi/pm/standby/./../mem_divlib.o
LOAD arch/arm/mach-sunxi/pm/standby/./../mem_divlibc.o
LOAD arch/arm/mach-sunxi/pm/standby/./../mem_int.o
LOAD arch/arm/mach-sunxi/pm/standby/./../mem_tmr.o
LOAD arch/arm/mach-sunxi/pm/standby/./../mem_tmstmp.o
LOAD arch/arm/mach-sunxi/pm/standby/./../mem_clk.o
LOAD arch/arm/mach-sunxi/pm/standby/./../mem_hwspinlock.o
LOAD arch/arm/mach-sunxi/pm/standby/standby.o
OUTPUT(arch/arm/mach-sunxi/pm/standby/standby.elf elf32-littlearm)

.debug_info     0x00000000     0xb88c
 .debug_info    0x00000000      0x551 arch/arm/mach-sunxi/pm/standby/standby.o
 .debug_info    0x00000551      0x113 arch/arm/mach-sunxi/pm/standby/common.o
 .debug_info    0x00000664     0x268a arch/arm/mach-sunxi/pm/standby/standby_clock.o
 .debug_info    0x00002cee       0xd0 arch/arm/mach-sunxi/pm/standby/standby_ir.o
 .debug_info    0x00002dbe      0x181 arch/arm/mach-sunxi/pm/standby/standby_key.o
 .debug_info    0x00002f3f      0x345 arch/arm/mach-sunxi/pm/standby/standby_power.o
 .debug_info    0x00003284      0x2c5 arch/arm/mach-sunxi/pm/standby/standby_twi.o
 .debug_info    0x00003549       0xef arch/arm/mach-sunxi/pm/standby/standby_usb.o
 .debug_info    0x00003638      0x488 arch/arm/mach-sunxi/pm/standby/./arisc/standby_arisc.o
 .debug_info    0x00003ac0      0x466 arch/arm/mach-sunxi/pm/standby/./arisc/arisc_hwmsgbox.o
 .debug_info    0x00003f26       0xf6 arch/arm/mach-sunxi/pm/standby/./arisc/arisc_hwspinlock.o
 .debug_info    0x0000401c      0x237 arch/arm/mach-sunxi/pm/standby/./arisc/arisc_message_manager.o
 .debug_info    0x00004253      0x36c arch/arm/mach-sunxi/pm/standby/./../pm_debug.o
 .debug_info    0x000045bf      0x471 arch/arm/mach-sunxi/pm/standby/./../mem_timing.o
 .debug_info    0x00004a30      0x148 arch/arm/mach-sunxi/pm/standby/./../mem_mmu_pc.o
 .debug_info    0x00004b78       0x87 arch/arm/mach-sunxi/pm/standby/./../mem_mmu_pc_asm.o
 .debug_info    0x00004bff     0x2aae arch/arm/mach-sunxi/pm/standby/./../mem_serial.o
 .debug_info    0x000076ad      0x7d7 arch/arm/mach-sunxi/pm/standby/./../mem_printk.o
 .debug_info    0x00007e84       0x83 arch/arm/mach-sunxi/pm/standby/./../mem_divlib.o
 .debug_info    0x00007f07       0xf3 arch/arm/mach-sunxi/pm/standby/./../mem_divlibc.o
 .debug_info    0x00007ffa      0x1df arch/arm/mach-sunxi/pm/standby/./../mem_int.o
 .debug_info    0x000081d9      0x3ed arch/arm/mach-sunxi/pm/standby/./../mem_tmr.o
 .debug_info    0x000085c6      0x146 arch/arm/mach-sunxi/pm/standby/./../mem_tmstmp.o
 .debug_info    0x0000870c     0x2ef1 arch/arm/mach-sunxi/pm/standby/./../mem_clk.o
 .debug_info    0x0000b5fd      0x28f arch/arm/mach-sunxi/pm/standby/./../mem_hwspinlock.o

.debug_abbrev   0x00000000     0x1c57
 .debug_abbrev  0x00000000      0x19c arch/arm/mach-sunxi/pm/standby/standby.o
 .debug_abbrev  0x0000019c       0xab arch/arm/mach-sunxi/pm/standby/common.o
 .debug_abbrev  0x00000247      0x14d arch/arm/mach-sunxi/pm/standby/standby_clock.o
 .debug_abbrev  0x00000394       0x4e arch/arm/mach-sunxi/pm/standby/standby_ir.o
 .debug_abbrev  0x000003e2       0xaf arch/arm/mach-sunxi/pm/standby/standby_key.o
 .debug_abbrev  0x00000491      0x195 arch/arm/mach-sunxi/pm/standby/standby_power.o
 .debug_abbrev  0x00000626      0x17f arch/arm/mach-sunxi/pm/standby/standby_twi.o
 .debug_abbrev  0x000007a5       0x76 arch/arm/mach-sunxi/pm/standby/standby_usb.o
 .debug_abbrev  0x0000081b      0x121 arch/arm/mach-sunxi/pm/standby/./arisc/standby_arisc.o
 .debug_abbrev  0x0000093c      0x1e1 arch/arm/mach-sunxi/pm/standby/./arisc/arisc_hwmsgbox.o
 .debug_abbrev  0x00000b1d       0x8f arch/arm/mach-sunxi/pm/standby/./arisc/arisc_hwspinlock.o
 .debug_abbrev  0x00000bac      0x129 arch/arm/mach-sunxi/pm/standby/./arisc/arisc_message_manager.o
 .debug_abbrev  0x00000cd5      0x17a arch/arm/mach-sunxi/pm/standby/./../pm_debug.o
 .debug_abbrev  0x00000e4f      0x1c3 arch/arm/mach-sunxi/pm/standby/./../mem_timing.o
 .debug_abbrev  0x00001012       0xa8 arch/arm/mach-sunxi/pm/standby/./../mem_mmu_pc.o
 .debug_abbrev  0x000010ba       0x14 arch/arm/mach-sunxi/pm/standby/./../mem_mmu_pc_asm.o
 .debug_abbrev  0x000010ce      0x30b arch/arm/mach-sunxi/pm/standby/./../mem_serial.o
 .debug_abbrev  0x000013d9      0x209 arch/arm/mach-sunxi/pm/standby/./../mem_printk.o
 .debug_abbrev  0x000015e2       0x14 arch/arm/mach-sunxi/pm/standby/./../mem_divlib.o
 .debug_abbrev  0x000015f6       0x81 arch/arm/mach-sunxi/pm/standby/./../mem_divlibc.o
 .debug_abbrev  0x00001677       0xcb arch/arm/mach-sunxi/pm/standby/./../mem_int.o
 .debug_abbrev  0x00001742       0xf3 arch/arm/mach-sunxi/pm/standby/./../mem_tmr.o
 .debug_abbrev  0x00001835       0xbd arch/arm/mach-sunxi/pm/standby/./../mem_tmstmp.o
 .debug_abbrev  0x000018f2      0x235 arch/arm/mach-sunxi/pm/standby/./../mem_clk.o
 .debug_abbrev  0x00001b27      0x130 arch/arm/mach-sunxi/pm/standby/./../mem_hwspinlock.o

.debug_loc      0x00000000     0x2751
 .debug_loc     0x00000000       0x51 arch/arm/mach-sunxi/pm/standby/standby.o
 .debug_loc     0x00000051       0x59 arch/arm/mach-sunxi/pm/standby/common.o
 .debug_loc     0x000000aa       0x20 arch/arm/mach-sunxi/pm/standby/standby_key.o
 .debug_loc     0x000000ca      0x31a arch/arm/mach-sunxi/pm/standby/standby_power.o
 .debug_loc     0x000003e4      0x323 arch/arm/mach-sunxi/pm/standby/standby_twi.o
 .debug_loc     0x00000707       0x13 arch/arm/mach-sunxi/pm/standby/standby_usb.o
 .debug_loc     0x0000071a      0x21f arch/arm/mach-sunxi/pm/standby/./arisc/standby_arisc.o
 .debug_loc     0x00000939      0x33b arch/arm/mach-sunxi/pm/standby/./arisc/arisc_hwmsgbox.o
 .debug_loc     0x00000c74       0x26 arch/arm/mach-sunxi/pm/standby/./arisc/arisc_hwspinlock.o
 .debug_loc     0x00000c9a      0x117 arch/arm/mach-sunxi/pm/standby/./arisc/arisc_message_manager.o
 .debug_loc     0x00000db1      0x1ee arch/arm/mach-sunxi/pm/standby/./../pm_debug.o
 .debug_loc     0x00000f9f      0x349 arch/arm/mach-sunxi/pm/standby/./../mem_timing.o
 .debug_loc     0x000012e8      0x318 arch/arm/mach-sunxi/pm/standby/./../mem_serial.o
 .debug_loc     0x00001600      0x9e9 arch/arm/mach-sunxi/pm/standby/./../mem_printk.o
 .debug_loc     0x00001fe9       0xb2 arch/arm/mach-sunxi/pm/standby/./../mem_divlibc.o
 .debug_loc     0x0000209b      0x175 arch/arm/mach-sunxi/pm/standby/./../mem_int.o
 .debug_loc     0x00002210       0x5c arch/arm/mach-sunxi/pm/standby/./../mem_tmr.o
 .debug_loc     0x0000226c       0x3c arch/arm/mach-sunxi/pm/standby/./../mem_tmstmp.o
 .debug_loc     0x000022a8      0x2b8 arch/arm/mach-sunxi/pm/standby/./../mem_clk.o
 .debug_loc     0x00002560      0x1f1 arch/arm/mach-sunxi/pm/standby/./../mem_hwspinlock.o

.debug_aranges  0x00000000      0x320
 .debug_aranges
                0x00000000       0x20 arch/arm/mach-sunxi/pm/standby/standby.o
 .debug_aranges
                0x00000020       0x20 arch/arm/mach-sunxi/pm/standby/common.o
 .debug_aranges
                0x00000040       0x20 arch/arm/mach-sunxi/pm/standby/standby_clock.o
 .debug_aranges
                0x00000060       0x20 arch/arm/mach-sunxi/pm/standby/standby_ir.o
 .debug_aranges
                0x00000080       0x20 arch/arm/mach-sunxi/pm/standby/standby_key.o
 .debug_aranges
                0x000000a0       0x20 arch/arm/mach-sunxi/pm/standby/standby_power.o
 .debug_aranges
                0x000000c0       0x20 arch/arm/mach-sunxi/pm/standby/standby_twi.o
 .debug_aranges
                0x000000e0       0x20 arch/arm/mach-sunxi/pm/standby/standby_usb.o
 .debug_aranges
                0x00000100       0x20 arch/arm/mach-sunxi/pm/standby/./arisc/standby_arisc.o
 .debug_aranges
                0x00000120       0x20 arch/arm/mach-sunxi/pm/standby/./arisc/arisc_hwmsgbox.o
 .debug_aranges
                0x00000140       0x20 arch/arm/mach-sunxi/pm/standby/./arisc/arisc_hwspinlock.o
 .debug_aranges
                0x00000160       0x20 arch/arm/mach-sunxi/pm/standby/./arisc/arisc_message_manager.o
 .debug_aranges
                0x00000180       0x20 arch/arm/mach-sunxi/pm/standby/./../pm_debug.o
 .debug_aranges
                0x000001a0       0x20 arch/arm/mach-sunxi/pm/standby/./../mem_timing.o
 .debug_aranges
                0x000001c0       0x20 arch/arm/mach-sunxi/pm/standby/./../mem_mmu_pc.o
 .debug_aranges
                0x000001e0       0x20 arch/arm/mach-sunxi/pm/standby/./../mem_mmu_pc_asm.o
 .debug_aranges
                0x00000200       0x20 arch/arm/mach-sunxi/pm/standby/./../mem_serial.o
 .debug_aranges
                0x00000220       0x20 arch/arm/mach-sunxi/pm/standby/./../mem_printk.o
 .debug_aranges
                0x00000240       0x20 arch/arm/mach-sunxi/pm/standby/./../mem_divlib.o
 .debug_aranges
                0x00000260       0x20 arch/arm/mach-sunxi/pm/standby/./../mem_divlibc.o
 .debug_aranges
                0x00000280       0x20 arch/arm/mach-sunxi/pm/standby/./../mem_int.o
 .debug_aranges
                0x000002a0       0x20 arch/arm/mach-sunxi/pm/standby/./../mem_tmr.o
 .debug_aranges
                0x000002c0       0x20 arch/arm/mach-sunxi/pm/standby/./../mem_tmstmp.o
 .debug_aranges
                0x000002e0       0x20 arch/arm/mach-sunxi/pm/standby/./../mem_clk.o
 .debug_aranges
                0x00000300       0x20 arch/arm/mach-sunxi/pm/standby/./../mem_hwspinlock.o

.debug_ranges   0x00000000      0x2e0
 .debug_ranges  0x00000000       0x48 arch/arm/mach-sunxi/pm/standby/standby.o
 .debug_ranges  0x00000048       0x80 arch/arm/mach-sunxi/pm/standby/standby_power.o
 .debug_ranges  0x000000c8       0x40 arch/arm/mach-sunxi/pm/standby/standby_twi.o
 .debug_ranges  0x00000108       0x50 arch/arm/mach-sunxi/pm/standby/./arisc/arisc_hwmsgbox.o
 .debug_ranges  0x00000158      0x110 arch/arm/mach-sunxi/pm/standby/./../mem_serial.o
 .debug_ranges  0x00000268       0x30 arch/arm/mach-sunxi/pm/standby/./../mem_printk.o
 .debug_ranges  0x00000298       0x48 arch/arm/mach-sunxi/pm/standby/./../mem_hwspinlock.o

.debug_line     0x00000000     0x1be8
 .debug_line    0x00000000      0x1a5 arch/arm/mach-sunxi/pm/standby/standby.o
 .debug_line    0x000001a5       0xb5 arch/arm/mach-sunxi/pm/standby/common.o
 .debug_line    0x0000025a       0xb8 arch/arm/mach-sunxi/pm/standby/standby_clock.o
 .debug_line    0x00000312       0x98 arch/arm/mach-sunxi/pm/standby/standby_ir.o
 .debug_line    0x000003aa       0xc3 arch/arm/mach-sunxi/pm/standby/standby_key.o
 .debug_line    0x0000046d      0x11f arch/arm/mach-sunxi/pm/standby/standby_power.o
 .debug_line    0x0000058c      0x173 arch/arm/mach-sunxi/pm/standby/standby_twi.o
 .debug_line    0x000006ff       0x99 arch/arm/mach-sunxi/pm/standby/standby_usb.o
 .debug_line    0x00000798      0x12d arch/arm/mach-sunxi/pm/standby/./arisc/standby_arisc.o
 .debug_line    0x000008c5      0x1b6 arch/arm/mach-sunxi/pm/standby/./arisc/arisc_hwmsgbox.o
 .debug_line    0x00000a7b       0x81 arch/arm/mach-sunxi/pm/standby/./arisc/arisc_hwspinlock.o
 .debug_line    0x00000afc       0xcd arch/arm/mach-sunxi/pm/standby/./arisc/arisc_message_manager.o
 .debug_line    0x00000bc9      0x12a arch/arm/mach-sunxi/pm/standby/./../pm_debug.o
 .debug_line    0x00000cf3      0x107 arch/arm/mach-sunxi/pm/standby/./../mem_timing.o
 .debug_line    0x00000dfa       0xb4 arch/arm/mach-sunxi/pm/standby/./../mem_mmu_pc.o
 .debug_line    0x00000eae      0x1b1 arch/arm/mach-sunxi/pm/standby/./../mem_mmu_pc_asm.o
 .debug_line    0x0000105f      0x1c0 arch/arm/mach-sunxi/pm/standby/./../mem_serial.o
 .debug_line    0x0000121f      0x30c arch/arm/mach-sunxi/pm/standby/./../mem_printk.o
 .debug_line    0x0000152b       0xaf arch/arm/mach-sunxi/pm/standby/./../mem_divlib.o
 .debug_line    0x000015da       0x88 arch/arm/mach-sunxi/pm/standby/./../mem_divlibc.o
 .debug_line    0x00001662       0xfa arch/arm/mach-sunxi/pm/standby/./../mem_int.o
 .debug_line    0x0000175c       0xd1 arch/arm/mach-sunxi/pm/standby/./../mem_tmr.o
 .debug_line    0x0000182d       0x91 arch/arm/mach-sunxi/pm/standby/./../mem_tmstmp.o
 .debug_line    0x000018be      0x231 arch/arm/mach-sunxi/pm/standby/./../mem_clk.o
 .debug_line    0x00001aef       0xf9 arch/arm/mach-sunxi/pm/standby/./../mem_hwspinlock.o

.debug_str      0x00000000     0x27f0
 .debug_str     0x00000000      0x514 arch/arm/mach-sunxi/pm/standby/standby.o
                                0x59d (size before relaxing)
 .debug_str     0x00000514       0x65 arch/arm/mach-sunxi/pm/standby/common.o
                                0x13e (size before relaxing)
 .debug_str     0x00000579      0xabf arch/arm/mach-sunxi/pm/standby/standby_clock.o
                                0xbb3 (size before relaxing)
 .debug_str     0x00001038       0x70 arch/arm/mach-sunxi/pm/standby/standby_ir.o
                                0x13f (size before relaxing)
 .debug_str     0x000010a8       0xf1 arch/arm/mach-sunxi/pm/standby/standby_key.o
                                0x1c6 (size before relaxing)
 .debug_str     0x00001199      0x174 arch/arm/mach-sunxi/pm/standby/standby_power.o
                                0x25b (size before relaxing)
 .debug_str     0x0000130d      0x133 arch/arm/mach-sunxi/pm/standby/standby_twi.o
                                0x242 (size before relaxing)
 .debug_str     0x00001440       0x84 arch/arm/mach-sunxi/pm/standby/standby_usb.o
                                0x15e (size before relaxing)
 .debug_str     0x000014c4      0x15d arch/arm/mach-sunxi/pm/standby/./arisc/standby_arisc.o
                                0x34d (size before relaxing)
 .debug_str     0x00001621      0x190 arch/arm/mach-sunxi/pm/standby/./arisc/arisc_hwmsgbox.o
                                0x2e1 (size before relaxing)
 .debug_str     0x000017b1       0x99 arch/arm/mach-sunxi/pm/standby/./arisc/arisc_hwspinlock.o
                                0x16a (size before relaxing)
 .debug_str     0x0000184a       0xc9 arch/arm/mach-sunxi/pm/standby/./arisc/arisc_message_manager.o
                                0x207 (size before relaxing)
 .debug_str     0x00001913      0x1ae arch/arm/mach-sunxi/pm/standby/./../pm_debug.o
                                0x28d (size before relaxing)
 .debug_str     0x00001ac1      0x181 arch/arm/mach-sunxi/pm/standby/./../mem_timing.o
                                0x2af (size before relaxing)
 .debug_str     0x00001c42       0x8f arch/arm/mach-sunxi/pm/standby/./../mem_mmu_pc.o
                                0x168 (size before relaxing)
 .debug_str     0x00001cd1      0x16c arch/arm/mach-sunxi/pm/standby/./../mem_serial.o
                                0xc84 (size before relaxing)
 .debug_str     0x00001e3d       0xe7 arch/arm/mach-sunxi/pm/standby/./../mem_printk.o
                                0x1e1 (size before relaxing)
 .debug_str     0x00001f24       0x6b arch/arm/mach-sunxi/pm/standby/./../mem_divlibc.o
                                0x146 (size before relaxing)
 .debug_str     0x00001f8f       0x90 arch/arm/mach-sunxi/pm/standby/./../mem_int.o
                                0x1ed (size before relaxing)
 .debug_str     0x0000201f      0x230 arch/arm/mach-sunxi/pm/standby/./../mem_tmr.o
                                0x355 (size before relaxing)
 .debug_str     0x0000224f       0xa1 arch/arm/mach-sunxi/pm/standby/./../mem_tmstmp.o
                                0x180 (size before relaxing)
 .debug_str     0x000022f0      0x45b arch/arm/mach-sunxi/pm/standby/./../mem_clk.o
                                0xfa0 (size before relaxing)
 .debug_str     0x0000274b       0xa5 arch/arm/mach-sunxi/pm/standby/./../mem_hwspinlock.o
                                0x1c2 (size before relaxing)

.comment        0x00000000       0x64
 .comment       0x00000000       0x64 arch/arm/mach-sunxi/pm/standby/standby.o
                                 0x65 (size before relaxing)
 .comment       0x00000000       0x65 arch/arm/mach-sunxi/pm/standby/common.o
 .comment       0x00000000       0x65 arch/arm/mach-sunxi/pm/standby/standby_clock.o
 .comment       0x00000000       0x65 arch/arm/mach-sunxi/pm/standby/standby_ir.o
 .comment       0x00000000       0x65 arch/arm/mach-sunxi/pm/standby/standby_key.o
 .comment       0x00000000       0x65 arch/arm/mach-sunxi/pm/standby/standby_power.o
 .comment       0x00000000       0x65 arch/arm/mach-sunxi/pm/standby/standby_twi.o
 .comment       0x00000000       0x65 arch/arm/mach-sunxi/pm/standby/standby_usb.o
 .comment       0x00000000       0x65 arch/arm/mach-sunxi/pm/standby/./arisc/standby_arisc.o
 .comment       0x00000000       0x65 arch/arm/mach-sunxi/pm/standby/./arisc/arisc_hwmsgbox.o
 .comment       0x00000000       0x65 arch/arm/mach-sunxi/pm/standby/./arisc/arisc_hwspinlock.o
 .comment       0x00000000       0x65 arch/arm/mach-sunxi/pm/standby/./arisc/arisc_message_manager.o
 .comment       0x00000000       0x65 arch/arm/mach-sunxi/pm/standby/./../pm_debug.o
 .comment       0x00000000       0x65 arch/arm/mach-sunxi/pm/standby/./../mem_timing.o
 .comment       0x00000000       0x65 arch/arm/mach-sunxi/pm/standby/./../mem_mmu_pc.o
 .comment       0x00000000       0x65 arch/arm/mach-sunxi/pm/standby/./../mem_serial.o
 .comment       0x00000000       0x65 arch/arm/mach-sunxi/pm/standby/./../mem_printk.o
 .comment       0x00000000       0x65 arch/arm/mach-sunxi/pm/standby/./../mem_divlibc.o
 .comment       0x00000000       0x65 arch/arm/mach-sunxi/pm/standby/./../mem_int.o
 .comment       0x00000000       0x65 arch/arm/mach-sunxi/pm/standby/./../mem_tmr.o
 .comment       0x00000000       0x65 arch/arm/mach-sunxi/pm/standby/./../mem_tmstmp.o
 .comment       0x00000000       0x65 arch/arm/mach-sunxi/pm/standby/./../mem_clk.o
 .comment       0x00000000       0x65 arch/arm/mach-sunxi/pm/standby/./../mem_hwspinlock.o

.note.GNU-stack
                0x00000000        0x0
 .note.GNU-stack
                0x00000000        0x0 arch/arm/mach-sunxi/pm/standby/standby.o
 .note.GNU-stack
                0x00000000        0x0 arch/arm/mach-sunxi/pm/standby/common.o
 .note.GNU-stack
                0x00000000        0x0 arch/arm/mach-sunxi/pm/standby/standby_clock.o
 .note.GNU-stack
                0x00000000        0x0 arch/arm/mach-sunxi/pm/standby/standby_ir.o
 .note.GNU-stack
                0x00000000        0x0 arch/arm/mach-sunxi/pm/standby/standby_key.o
 .note.GNU-stack
                0x00000000        0x0 arch/arm/mach-sunxi/pm/standby/standby_power.o
 .note.GNU-stack
                0x00000000        0x0 arch/arm/mach-sunxi/pm/standby/standby_twi.o
 .note.GNU-stack
                0x00000000        0x0 arch/arm/mach-sunxi/pm/standby/standby_usb.o
 .note.GNU-stack
                0x00000000        0x0 arch/arm/mach-sunxi/pm/standby/./arisc/standby_arisc.o
 .note.GNU-stack
                0x00000000        0x0 arch/arm/mach-sunxi/pm/standby/./arisc/arisc_hwmsgbox.o
 .note.GNU-stack
                0x00000000        0x0 arch/arm/mach-sunxi/pm/standby/./arisc/arisc_hwspinlock.o
 .note.GNU-stack
                0x00000000        0x0 arch/arm/mach-sunxi/pm/standby/./arisc/arisc_message_manager.o
 .note.GNU-stack
                0x00000000        0x0 arch/arm/mach-sunxi/pm/standby/./../pm_debug.o
 .note.GNU-stack
                0x00000000        0x0 arch/arm/mach-sunxi/pm/standby/./../mem_timing.o
 .note.GNU-stack
                0x00000000        0x0 arch/arm/mach-sunxi/pm/standby/./../mem_mmu_pc.o
 .note.GNU-stack
                0x00000000        0x0 arch/arm/mach-sunxi/pm/standby/./../mem_serial.o
 .note.GNU-stack
                0x00000000        0x0 arch/arm/mach-sunxi/pm/standby/./../mem_printk.o
 .note.GNU-stack
                0x00000000        0x0 arch/arm/mach-sunxi/pm/standby/./../mem_divlibc.o
 .note.GNU-stack
                0x00000000        0x0 arch/arm/mach-sunxi/pm/standby/./../mem_int.o
 .note.GNU-stack
                0x00000000        0x0 arch/arm/mach-sunxi/pm/standby/./../mem_tmr.o
 .note.GNU-stack
                0x00000000        0x0 arch/arm/mach-sunxi/pm/standby/./../mem_tmstmp.o
 .note.GNU-stack
                0x00000000        0x0 arch/arm/mach-sunxi/pm/standby/./../mem_clk.o
 .note.GNU-stack
                0x00000000        0x0 arch/arm/mach-sunxi/pm/standby/./../mem_hwspinlock.o

.ARM.attributes
                0x00000000       0x33
 .ARM.attributes
                0x00000000       0x35 arch/arm/mach-sunxi/pm/standby/standby.o
 .ARM.attributes
                0x00000035       0x35 arch/arm/mach-sunxi/pm/standby/common.o
 .ARM.attributes
                0x0000006a       0x35 arch/arm/mach-sunxi/pm/standby/standby_clock.o
 .ARM.attributes
                0x0000009f       0x35 arch/arm/mach-sunxi/pm/standby/standby_ir.o
 .ARM.attributes
                0x000000d4       0x35 arch/arm/mach-sunxi/pm/standby/standby_key.o
 .ARM.attributes
                0x00000109       0x35 arch/arm/mach-sunxi/pm/standby/standby_power.o
 .ARM.attributes
                0x0000013e       0x35 arch/arm/mach-sunxi/pm/standby/standby_twi.o
 .ARM.attributes
                0x00000173       0x35 arch/arm/mach-sunxi/pm/standby/standby_usb.o
 .ARM.attributes
                0x000001a8       0x21 arch/arm/mach-sunxi/pm/standby/standby_delay.o
 .ARM.attributes
                0x000001c9       0x35 arch/arm/mach-sunxi/pm/standby/./arisc/standby_arisc.o
 .ARM.attributes
                0x000001fe       0x35 arch/arm/mach-sunxi/pm/standby/./arisc/arisc_hwmsgbox.o
 .ARM.attributes
                0x00000233       0x35 arch/arm/mach-sunxi/pm/standby/./arisc/arisc_hwspinlock.o
 .ARM.attributes
                0x00000268       0x35 arch/arm/mach-sunxi/pm/standby/./arisc/arisc_message_manager.o
 .ARM.attributes
                0x0000029d       0x35 arch/arm/mach-sunxi/pm/standby/./../pm_debug.o
 .ARM.attributes
                0x000002d2       0x35 arch/arm/mach-sunxi/pm/standby/./../mem_timing.o
 .ARM.attributes
                0x00000307       0x35 arch/arm/mach-sunxi/pm/standby/./../mem_mmu_pc.o
 .ARM.attributes
                0x0000033c       0x21 arch/arm/mach-sunxi/pm/standby/./../mem_mmu_pc_asm.o
 .ARM.attributes
                0x0000035d       0x35 arch/arm/mach-sunxi/pm/standby/./../mem_serial.o
 .ARM.attributes
                0x00000392       0x35 arch/arm/mach-sunxi/pm/standby/./../mem_printk.o
 .ARM.attributes
                0x000003c7       0x21 arch/arm/mach-sunxi/pm/standby/./../mem_divlib.o
 .ARM.attributes
                0x000003e8       0x35 arch/arm/mach-sunxi/pm/standby/./../mem_divlibc.o
 .ARM.attributes
                0x0000041d       0x35 arch/arm/mach-sunxi/pm/standby/./../mem_int.o
 .ARM.attributes
                0x00000452       0x35 arch/arm/mach-sunxi/pm/standby/./../mem_tmr.o
 .ARM.attributes
                0x00000487       0x35 arch/arm/mach-sunxi/pm/standby/./../mem_tmstmp.o
 .ARM.attributes
                0x000004bc       0x35 arch/arm/mach-sunxi/pm/standby/./../mem_clk.o
 .ARM.attributes
                0x000004f1       0x35 arch/arm/mach-sunxi/pm/standby/./../mem_hwspinlock.o

.debug_frame    0x00000000      0xacc
 .debug_frame   0x00000000       0x30 arch/arm/mach-sunxi/pm/standby/standby.o
 .debug_frame   0x00000030       0x30 arch/arm/mach-sunxi/pm/standby/common.o
 .debug_frame   0x00000060       0x60 arch/arm/mach-sunxi/pm/standby/standby_clock.o
 .debug_frame   0x000000c0       0x50 arch/arm/mach-sunxi/pm/standby/standby_ir.o
 .debug_frame   0x00000110       0x4c arch/arm/mach-sunxi/pm/standby/standby_key.o
 .debug_frame   0x0000015c       0x4c arch/arm/mach-sunxi/pm/standby/standby_power.o
 .debug_frame   0x000001a8       0x50 arch/arm/mach-sunxi/pm/standby/standby_twi.o
 .debug_frame   0x000001f8       0x50 arch/arm/mach-sunxi/pm/standby/standby_usb.o
 .debug_frame   0x00000248       0xac arch/arm/mach-sunxi/pm/standby/./arisc/standby_arisc.o
 .debug_frame   0x000002f4       0xb4 arch/arm/mach-sunxi/pm/standby/./arisc/arisc_hwmsgbox.o
 .debug_frame   0x000003a8       0x50 arch/arm/mach-sunxi/pm/standby/./arisc/arisc_hwspinlock.o
 .debug_frame   0x000003f8       0x64 arch/arm/mach-sunxi/pm/standby/./arisc/arisc_message_manager.o
 .debug_frame   0x0000045c      0x140 arch/arm/mach-sunxi/pm/standby/./../pm_debug.o
 .debug_frame   0x0000059c       0xd4 arch/arm/mach-sunxi/pm/standby/./../mem_timing.o
 .debug_frame   0x00000670       0x30 arch/arm/mach-sunxi/pm/standby/./../mem_mmu_pc.o
 .debug_frame   0x000006a0       0xc4 arch/arm/mach-sunxi/pm/standby/./../mem_serial.o
 .debug_frame   0x00000764       0xdc arch/arm/mach-sunxi/pm/standby/./../mem_printk.o
 .debug_frame   0x00000840       0x30 arch/arm/mach-sunxi/pm/standby/./../mem_divlibc.o
 .debug_frame   0x00000870       0x64 arch/arm/mach-sunxi/pm/standby/./../mem_int.o
 .debug_frame   0x000008d4       0x78 arch/arm/mach-sunxi/pm/standby/./../mem_tmr.o
 .debug_frame   0x0000094c       0x30 arch/arm/mach-sunxi/pm/standby/./../mem_tmstmp.o
 .debug_frame   0x0000097c       0xe8 arch/arm/mach-sunxi/pm/standby/./../mem_clk.o
 .debug_frame   0x00000a64       0x68 arch/arm/mach-sunxi/pm/standby/./../mem_hwspinlock.o
